waiting-for-old-NN-20-game-verification
waiting-for-other-benchmarks
waiting-for-other-benchmarks
waiting-for-other-benchmarks
waiting-for-other-benchmarks
waiting-for-other-benchmarks
waiting-for-other-benchmarks
waiting-for-other-benchmarks
waiting-for-other-benchmarks
waiting-for-other-benchmarks
waiting-for-other-benchmarks
waiting-for-other-benchmarks
waiting-for-other-benchmarks
waiting-for-other-benchmarks
waiting-for-other-benchmarks
waiting-for-other-benchmarks
waiting-for-other-benchmarks
waiting-for-other-benchmarks
waiting-for-other-benchmarks
waiting-for-other-benchmarks
waiting-for-other-benchmarks
waiting-for-other-benchmarks
waiting-for-other-benchmarks
waiting-for-other-benchmarks
waiting-for-other-benchmarks
waiting-for-other-benchmarks
waiting-for-other-benchmarks
waiting-for-other-benchmarks
waiting-for-other-benchmarks
waiting-for-other-benchmarks
waiting-for-other-benchmarks
waiting-for-other-benchmarks
waiting-for-other-benchmarks
waiting-for-other-benchmarks
waiting-for-other-benchmarks
waiting-for-other-benchmarks
waiting-for-other-benchmarks
waiting-for-other-benchmarks
waiting-for-other-benchmarks
waiting-for-other-benchmarks
waiting-for-other-benchmarks
waiting-for-other-benchmarks
waiting-for-other-benchmarks
waiting-for-other-benchmarks
waiting-for-other-benchmarks
waiting-for-other-benchmarks
waiting-for-other-benchmarks
waiting-for-other-benchmarks
waiting-for-other-benchmarks
waiting-for-other-benchmarks
waiting-for-other-benchmarks
waiting-for-other-benchmarks
waiting-for-other-benchmarks
waiting-for-other-benchmarks
waiting-for-other-benchmarks
waiting-for-other-benchmarks
waiting-for-other-benchmarks
waiting-for-other-benchmarks
waiting-for-other-benchmarks
waiting-for-other-benchmarks
waiting-for-other-benchmarks
waiting-for-other-benchmarks
waiting-for-other-benchmarks
waiting-for-other-benchmarks
waiting-for-other-benchmarks
waiting-for-other-benchmarks
waiting-for-other-benchmarks
waiting-for-other-benchmarks
waiting-for-other-benchmarks
waiting-for-other-benchmarks
waiting-for-other-benchmarks
waiting-for-other-benchmarks
waiting-for-other-benchmarks
waiting-for-other-benchmarks
waiting-for-other-benchmarks
waiting-for-other-benchmarks
waiting-for-other-benchmarks
waiting-for-other-benchmarks
waiting-for-other-benchmarks
waiting-for-other-benchmarks
waiting-for-other-benchmarks
waiting-for-other-benchmarks
waiting-for-other-benchmarks
waiting-for-other-benchmarks
waiting-for-other-benchmarks
waiting-for-other-benchmarks
waiting-for-other-benchmarks
waiting-for-other-benchmarks
waiting-for-other-benchmarks
waiting-for-other-benchmarks
waiting-for-other-benchmarks
waiting-for-other-benchmarks
waiting-for-other-benchmarks
waiting-for-other-benchmarks
waiting-for-other-benchmarks
waiting-for-other-benchmarks
waiting-for-other-benchmarks
waiting-for-other-benchmarks
waiting-for-other-benchmarks
waiting-for-other-benchmarks
waiting-for-other-benchmarks
waiting-for-other-benchmarks
waiting-for-other-benchmarks
waiting-for-other-benchmarks
waiting-for-other-benchmarks
waiting-for-other-benchmarks
waiting-for-other-benchmarks
waiting-for-other-benchmarks
waiting-for-other-benchmarks
waiting-for-other-benchmarks
waiting-for-other-benchmarks
waiting-for-other-benchmarks
waiting-for-other-benchmarks
waiting-for-other-benchmarks
waiting-for-other-benchmarks
waiting-for-other-benchmarks
waiting-for-other-benchmarks
waiting-for-other-benchmarks
waiting-for-other-benchmarks
waiting-for-other-benchmarks
waiting-for-other-benchmarks
waiting-for-other-benchmarks
waiting-for-other-benchmarks
waiting-for-other-benchmarks
waiting-for-other-benchmarks
waiting-for-other-benchmarks
waiting-for-other-benchmarks
waiting-for-other-benchmarks
waiting-for-other-benchmarks
waiting-for-other-benchmarks
waiting-for-other-benchmarks
waiting-for-other-benchmarks
waiting-for-other-benchmarks
waiting-for-other-benchmarks
waiting-for-other-benchmarks
waiting-for-other-benchmarks
waiting-for-other-benchmarks
waiting-for-other-benchmarks
waiting-for-other-benchmarks
waiting-for-other-benchmarks
waiting-for-other-benchmarks
waiting-for-other-benchmarks
waiting-for-other-benchmarks
waiting-for-other-benchmarks
waiting-for-other-benchmarks
waiting-for-other-benchmarks
waiting-for-other-benchmarks
waiting-for-other-benchmarks
waiting-for-other-benchmarks
waiting-for-other-benchmarks
waiting-for-other-benchmarks
waiting-for-other-benchmarks
waiting-for-other-benchmarks
waiting-for-other-benchmarks
waiting-for-other-benchmarks
waiting-for-other-benchmarks
waiting-for-other-benchmarks
waiting-for-other-benchmarks
waiting-for-other-benchmarks
waiting-for-other-benchmarks
waiting-for-other-benchmarks
waiting-for-other-benchmarks
waiting-for-other-benchmarks
waiting-for-other-benchmarks
waiting-for-other-benchmarks
waiting-for-other-benchmarks
waiting-for-other-benchmarks
waiting-for-other-benchmarks
waiting-for-other-benchmarks
waiting-for-other-benchmarks
waiting-for-other-benchmarks
waiting-for-other-benchmarks
waiting-for-other-benchmarks
waiting-for-other-benchmarks
waiting-for-other-benchmarks
waiting-for-other-benchmarks
waiting-for-other-benchmarks
waiting-for-other-benchmarks
waiting-for-other-benchmarks
waiting-for-other-benchmarks
waiting-for-other-benchmarks
waiting-for-other-benchmarks
waiting-for-other-benchmarks
waiting-for-other-benchmarks
waiting-for-other-benchmarks
waiting-for-other-benchmarks
waiting-for-other-benchmarks
waiting-for-other-benchmarks
waiting-for-other-benchmarks
waiting-for-other-benchmarks
waiting-for-other-benchmarks
waiting-for-other-benchmarks
waiting-for-other-benchmarks
waiting-for-other-benchmarks
waiting-for-other-benchmarks
waiting-for-other-benchmarks
waiting-for-other-benchmarks
waiting-for-other-benchmarks
waiting-for-other-benchmarks
waiting-for-other-benchmarks
waiting-for-other-benchmarks
waiting-for-other-benchmarks
waiting-for-other-benchmarks
waiting-for-other-benchmarks
waiting-for-other-benchmarks
waiting-for-other-benchmarks
waiting-for-other-benchmarks
waiting-for-other-benchmarks
waiting-for-other-benchmarks
waiting-for-other-benchmarks
waiting-for-other-benchmarks
waiting-for-other-benchmarks
waiting-for-other-benchmarks
waiting-for-other-benchmarks
waiting-for-other-benchmarks
waiting-for-other-benchmarks
waiting-for-other-benchmarks
waiting-for-other-benchmarks
waiting-for-other-benchmarks
waiting-for-other-benchmarks
waiting-for-other-benchmarks
waiting-for-other-benchmarks
waiting-for-other-benchmarks
waiting-for-other-benchmarks
waiting-for-other-benchmarks
waiting-for-other-benchmarks
waiting-for-other-benchmarks
waiting-for-other-benchmarks
waiting-for-other-benchmarks
waiting-for-other-benchmarks
waiting-for-other-benchmarks
waiting-for-other-benchmarks
waiting-for-other-benchmarks
waiting-for-other-benchmarks
waiting-for-other-benchmarks
waiting-for-other-benchmarks
waiting-for-other-benchmarks
waiting-for-other-benchmarks
waiting-for-other-benchmarks
waiting-for-other-benchmarks
waiting-for-other-benchmarks
waiting-for-other-benchmarks
waiting-for-other-benchmarks
waiting-for-other-benchmarks
waiting-for-other-benchmarks
waiting-for-other-benchmarks
waiting-for-other-benchmarks
waiting-for-other-benchmarks
waiting-for-other-benchmarks
waiting-for-other-benchmarks
waiting-for-other-benchmarks
waiting-for-other-benchmarks
waiting-for-other-benchmarks
waiting-for-other-benchmarks
waiting-for-other-benchmarks
waiting-for-other-benchmarks
waiting-for-other-benchmarks
waiting-for-other-benchmarks
waiting-for-other-benchmarks
waiting-for-other-benchmarks
waiting-for-other-benchmarks
waiting-for-other-benchmarks
waiting-for-other-benchmarks
waiting-for-other-benchmarks
waiting-for-other-benchmarks
waiting-for-other-benchmarks
waiting-for-other-benchmarks
waiting-for-other-benchmarks
waiting-for-other-benchmarks
waiting-for-other-benchmarks
waiting-for-other-benchmarks
waiting-for-other-benchmarks
waiting-for-other-benchmarks
waiting-for-other-benchmarks
waiting-for-other-benchmarks
waiting-for-other-benchmarks
waiting-for-other-benchmarks
waiting-for-other-benchmarks
waiting-for-other-benchmarks
waiting-for-other-benchmarks
waiting-for-other-benchmarks
waiting-for-other-benchmarks
waiting-for-other-benchmarks
waiting-for-other-benchmarks
waiting-for-other-benchmarks
waiting-for-other-benchmarks
waiting-for-other-benchmarks
waiting-for-other-benchmarks
waiting-for-other-benchmarks
waiting-for-other-benchmarks
waiting-for-other-benchmarks
waiting-for-other-benchmarks
waiting-for-other-benchmarks
waiting-for-other-benchmarks
waiting-for-other-benchmarks
waiting-for-other-benchmarks
waiting-for-other-benchmarks
waiting-for-other-benchmarks
waiting-for-other-benchmarks
waiting-for-other-benchmarks
waiting-for-other-benchmarks
waiting-for-other-benchmarks
waiting-for-other-benchmarks
waiting-for-other-benchmarks
waiting-for-other-benchmarks
tests
----------------------------------------------------------------------
Ran 93 tests in 6.260s

OK
isolated-old-NN-20-game-verification
Game 1/20: Frozen book start 01, candidate as White
  1-0 (checkmate, 113 plies)
Game 2/20: Frozen book start 01, candidate as Black
  1-0 (checkmate, 19 plies)
Game 3/20: Frozen book start 02, candidate as Black
  1-0 (checkmate, 35 plies)
Game 4/20: Frozen book start 02, candidate as White
  0-1 (checkmate, 74 plies)
Game 5/20: Frozen book start 03, candidate as White
  0-1 (checkmate, 86 plies)
Game 6/20: Frozen book start 03, candidate as Black
  0-1 (checkmate, 138 plies)
Game 7/20: Frozen book start 04, candidate as Black
  1-0 (checkmate, 141 plies)
Game 8/20: Frozen book start 04, candidate as White
  1-0 (checkmate, 187 plies)
Game 9/20: Frozen book start 05, candidate as White
  1/2-1/2 (fivefold_repetition, 137 plies)
Game 10/20: Frozen book start 05, candidate as Black
  1/2-1/2 (insufficient_material, 161 plies)
Game 11/20: Frozen book start 06, candidate as Black
  1-0 (checkmate, 37 plies)
Game 12/20: Frozen book start 06, candidate as White
  1-0 (checkmate, 37 plies)
Game 13/20: Frozen book start 07, candidate as White
  0-1 (checkmate, 76 plies)
Game 14/20: Frozen book start 07, candidate as Black
  1-0 (checkmate, 87 plies)
Game 15/20: Frozen book start 08, candidate as Black
  1-0 (checkmate, 127 plies)
Game 16/20: Frozen book start 08, candidate as White
  1-0 (checkmate, 113 plies)
Game 17/20: Frozen book start 09, candidate as White
  1/2-1/2 (seventyfive_moves, 276 plies)
Game 18/20: Frozen book start 09, candidate as Black
  1-0 (checkmate, 207 plies)
Game 19/20: Frozen book start 10, candidate as Black
  1-0 (checkmate, 63 plies)
Game 20/20: Frozen book start 10, candidate as White
  1/2-1/2 (fivefold_repetition, 71 plies)
{
  "games": 20,
  "completed": 20,
  "wins": 5,
  "draws": 4,
  "losses": 11,
  "unfinished": 0,
  "errors": 0,
  "interrupted": 0,
  "score_fraction_completed": 0.35,
  "complete_pairs": 10,
  "score_fraction_complete_pairs": 0.35,
  "timing": {
    "classical": {
      "moves": 1094,
      "mean_elapsed": 0.24219701604555205,
      "max_overrun_seconds": 0.022166999988257885,
      "fallback_moves": 0
    },
    "current": {
      "moves": 1091,
      "mean_elapsed": 0.24481791407053421,
      "max_overrun_seconds": 0.019242541980929673,
      "fallback_moves": 0
    }
  }
}
isolated-inference-profile
{
  "boards": 1024,
  "rounded_score_mismatches": 0,
  "policy": "Nonterminal search-leaf scores; alternating five trials; same v8 checkpoint, .25 quiet correction.",
  "trials_ms_per_evaluation": {
    "reference": [
      0.10706209275213041,
      0.10432967087581346,
      0.10736116507814586,
      0.10078910349875514,
      0.10160986329310617
    ],
    "fast": [
      0.10003946971437472,
      0.0942830810686246,
      0.09382218456721603,
      0.0926180829878831,
      0.09358968065953377
    ]
  },
  "median_ms_per_evaluation": {
    "reference": 0.10432967087581346,
    "fast": 0.09382218456721603
  },
  "fixed_depth_search": [
    {
      "fen": "rnbqkbnr/pppppppp/8/8/8/8/PPPPPPPP/RNBQKBNR w KQkq - 0 1",
      "reference_seconds": 0.07136237499071285,
      "fast_seconds": 0.07291962497401983,
      "score": 89,
      "move": "g1f3",
      "visited_nodes": 1155
    },
    {
      "fen": "r1bq1rk1/ppp2ppp/2np1n2/2b1p3/2B1P3/2NP1N2/PPP2PPP/R1BQ1RK1 w - - 4 7",
      "reference_seconds": 0.35279912495752797,
      "fast_seconds": 0.3218177920207381,
      "score": 13,
      "move": "c1e3",
      "visited_nodes": 13404
    }
  ]
}
review-losses-and-draws
Reviewed 1 games: g5
Reviewed 2 games: exd4
Reviewed 3 games: Qxd4
Reviewed 4 games: a3
Reviewed 5 games: Nd7
Reviewed 6 games: Qb5
Reviewed 7 games: Rb3
Reviewed 8 games: Bd6
Reviewed 9 games: Qxf5
Reviewed 10 games: Rac8
Reviewed 11 games: Qb4
Reviewed 12 games: Be4
Reviewed 13 games: Kf8
Reviewed 14 games: Nxd4
Reviewed 15 games: no confirmed early mistake
Reviewed 16 games: Bc4
Reviewed 17 games: Bxe4
Reviewed 18 games: g5
Reviewed 19 games: no confirmed early mistake
Reviewed 20 games: Rxh2
{'games': 20, 'draws_reviewed': 7, 'draws_with_confirmed_conversion_loss': 5, 'confirmed': 18, 'extra_time_recovered': 4, 'wrong_static_ranking': 13}
conversion-training-examples
train: 78/600 pairs, 32 heuristic-wrong, 26 refined roots
train: 139/600 pairs, 58 heuristic-wrong, 44 refined roots
train: 186/600 pairs, 72 heuristic-wrong, 55 refined roots
train: 251/600 pairs, 100 heuristic-wrong, 66 refined roots
train: 307/600 pairs, 113 heuristic-wrong, 80 refined roots
train: 358/600 pairs, 130 heuristic-wrong, 89 refined roots
train: 411/600 pairs, 149 heuristic-wrong, 100 refined roots
train: 469/600 pairs, 162 heuristic-wrong, 110 refined roots
train: 511/600 pairs, 172 heuristic-wrong, 121 refined roots
train: 556/600 pairs, 184 heuristic-wrong, 128 refined roots
train {'pairs': 600, 'score_rows': 9142, 'reused_score_rows': 8335, 'roots': 535, 'refined_roots': 134, 'heuristic_wrong_pairs': 208, 'tactical_plies_settled': 621}
val: 51/100 pairs, 21 heuristic-wrong, 15 refined roots
val {'pairs': 100, 'score_rows': 1342, 'reused_score_rows': 1194, 'roots': 98, 'refined_roots': 25, 'heuristic_wrong_pairs': 39, 'tactical_plies_settled': 115}
test: 47/100 pairs, 18 heuristic-wrong, 9 refined roots
test {'pairs': 100, 'score_rows': 1386, 'reused_score_rows': 1233, 'roots': 98, 'refined_roots': 18, 'heuristic_wrong_pairs': 36, 'tactical_plies_settled': 127}
retain-existing-supervision
{
  "policy": "Canonical-FEN deduplication within each split; new labels win ties. Prior rankings retained. Training only: 4x confirmed >=100cp failures; 2x remaining >=100cp v8 ranking mistakes. Validation/test unweighted. Trainer enforces cross-split position and whole-game separation.",
  "sources": {
    "ml/data/targeted-v10-2026": "d1531b9ec4f5867ba796d0efbab09cd5cb7f49cc984f5f9b7aafb0f9d73e12c4",
    "ml/data/conversion-v11-2026": "5a786b364189c1f9f040e793bf7c6df0d8a5910e721cb2761fcdd3d6f2b83c8b"
  },
  "counts": {
    "train": {
      "score_rows": 11906,
      "pairs": 3453,
      "weighted_training_pairs": 647,
      "confirmed_failure_pairs": 74
    },
    "val": {
      "score_rows": 1918,
      "pairs": 694,
      "weighted_training_pairs": 0,
      "confirmed_failure_pairs": 0
    },
    "test": {
      "score_rows": 1940,
      "pairs": 683,
      "weighted_training_pairs": 0,
      "confirmed_failure_pairs": 0
    }
  }
}
aligned-training
Epoch 1: train MAE 149.8 cp, val MAE 169.7 cp
Epoch 2: train MAE 148.6 cp, val MAE 169.5 cp
Epoch 3: train MAE 147.7 cp, val MAE 169.4 cp
Epoch 4: train MAE 146.5 cp, val MAE 169.1 cp
Epoch 5: train MAE 145.7 cp, val MAE 169.2 cp
Epoch 6: train MAE 144.4 cp, val MAE 168.7 cp
Epoch 7: train MAE 143.8 cp, val MAE 169.2 cp
Epoch 8: train MAE 142.7 cp, val MAE 168.7 cp
Epoch 9: train MAE 142.2 cp, val MAE 169.0 cp
Epoch 10: train MAE 141.4 cp, val MAE 169.2 cp
Epoch 11: train MAE 141.5 cp, val MAE 169.4 cp
Epoch 12: train MAE 140.0 cp, val MAE 168.9 cp
Epoch 13: train MAE 139.8 cp, val MAE 169.0 cp
Epoch 14: train MAE 139.4 cp, val MAE 169.1 cp
Epoch 15: train MAE 138.3 cp, val MAE 168.8 cp
Held-out test MAE: NN 158.7 cp; heuristic 163.4 cp
aligned-validation
{
  "policy": "Fixed weights and gates evaluated. Gate selected per weight using validation ranking only; ties prefer gated. Test never selects a configuration. All test comparisons reported.",
  "checkpoint_sha256": "d8029cd425e5c694a3d4f01de03f836112f5f6475db6573594263c296165b1de",
  "manifest_sha256": "c0b63b0de37df084c533b609f56b4e2c9ee94e8275112e77bad7514411edafbc",
  "heuristic": {
    "val": {
      "pairs": 694,
      "correct": 485,
      "accuracy": 0.6988472622478387,
      "hard_pairs": 209,
      "hard_correct": 0,
      "previously_correct_regressions": 0
    },
    "test": {
      "pairs": 683,
      "correct": 502,
      "accuracy": 0.7349926793557833,
      "hard_pairs": 181,
      "hard_correct": 0,
      "previously_correct_regressions": 0
    }
  },
  "previous_full": {
    "val": {
      "pairs": 694,
      "correct": 493,
      "accuracy": 0.7103746397694525,
      "hard_pairs": 209,
      "hard_correct": 87,
      "previously_correct_regressions": 79
    },
    "test": {
      "pairs": 683,
      "correct": 497,
      "accuracy": 0.7276720351390923,
      "hard_pairs": 181,
      "hard_correct": 78,
      "previously_correct_regressions": 83
    }
  },
  "configurations": {
    "w0-all": {
      "weight": 0,
      "quiet_only": false,
      "val": {
        "pairs": 694,
        "correct": 485,
        "accuracy": 0.6988472622478387,
        "hard_pairs": 209,
        "hard_correct": 0,
        "previously_correct_regressions": 0
      },
      "test": {
        "pairs": 683,
        "correct": 502,
        "accuracy": 0.7349926793557833,
        "hard_pairs": 181,
        "hard_correct": 0,
        "previously_correct_regressions": 0
      }
    },
    "w0-quiet": {
      "weight": 0,
      "quiet_only": true,
      "val": {
        "pairs": 694,
        "correct": 485,
        "accuracy": 0.6988472622478387,
        "hard_pairs": 209,
        "hard_correct": 0,
        "previously_correct_regressions": 0
      },
      "test": {
        "pairs": 683,
        "correct": 502,
        "accuracy": 0.7349926793557833,
        "hard_pairs": 181,
        "hard_correct": 0,
        "previously_correct_regressions": 0
      }
    },
    "w0.1-all": {
      "weight": 0.1,
      "quiet_only": false,
      "val": {
        "pairs": 694,
        "correct": 498,
        "accuracy": 0.7175792507204611,
        "hard_pairs": 209,
        "hard_correct": 25,
        "previously_correct_regressions": 12
      },
      "test": {
        "pairs": 683,
        "correct": 515,
        "accuracy": 0.7540263543191801,
        "hard_pairs": 181,
        "hard_correct": 31,
        "previously_correct_regressions": 18
      }
    },
    "w0.1-quiet": {
      "weight": 0.1,
      "quiet_only": true,
      "val": {
        "pairs": 694,
        "correct": 487,
        "accuracy": 0.7017291066282421,
        "hard_pairs": 209,
        "hard_correct": 8,
        "previously_correct_regressions": 6
      },
      "test": {
        "pairs": 683,
        "correct": 511,
        "accuracy": 0.7481698389458272,
        "hard_pairs": 181,
        "hard_correct": 19,
        "previously_correct_regressions": 10
      }
    },
    "w0.25-all": {
      "weight": 0.25,
      "quiet_only": false,
      "val": {
        "pairs": 694,
        "correct": 502,
        "accuracy": 0.723342939481268,
        "hard_pairs": 209,
        "hard_correct": 49,
        "previously_correct_regressions": 32
      },
      "test": {
        "pairs": 683,
        "correct": 512,
        "accuracy": 0.7496339677891655,
        "hard_pairs": 181,
        "hard_correct": 57,
        "previously_correct_regressions": 47
      }
    },
    "w0.25-quiet": {
      "weight": 0.25,
      "quiet_only": true,
      "val": {
        "pairs": 694,
        "correct": 491,
        "accuracy": 0.707492795389049,
        "hard_pairs": 209,
        "hard_correct": 21,
        "previously_correct_regressions": 15
      },
      "test": {
        "pairs": 683,
        "correct": 518,
        "accuracy": 0.7584187408491947,
        "hard_pairs": 181,
        "hard_correct": 38,
        "previously_correct_regressions": 22
      }
    },
    "w0.5-all": {
      "weight": 0.5,
      "quiet_only": false,
      "val": {
        "pairs": 694,
        "correct": 493,
        "accuracy": 0.7103746397694525,
        "hard_pairs": 209,
        "hard_correct": 80,
        "previously_correct_regressions": 72
      },
      "test": {
        "pairs": 683,
        "correct": 518,
        "accuracy": 0.7584187408491947,
        "hard_pairs": 181,
        "hard_correct": 88,
        "previously_correct_regressions": 72
      }
    },
    "w0.5-quiet": {
      "weight": 0.5,
      "quiet_only": true,
      "val": {
        "pairs": 694,
        "correct": 485,
        "accuracy": 0.6988472622478387,
        "hard_pairs": 209,
        "hard_correct": 32,
        "previously_correct_regressions": 32
      },
      "test": {
        "pairs": 683,
        "correct": 514,
        "accuracy": 0.7525622254758418,
        "hard_pairs": 181,
        "hard_correct": 48,
        "previously_correct_regressions": 36
      }
    },
    "w1-all": {
      "weight": 1,
      "quiet_only": false,
      "val": {
        "pairs": 694,
        "correct": 497,
        "accuracy": 0.7161383285302594,
        "hard_pairs": 209,
        "hard_correct": 108,
        "previously_correct_regressions": 96
      },
      "test": {
        "pairs": 683,
        "correct": 488,
        "accuracy": 0.7144948755490483,
        "hard_pairs": 181,
        "hard_correct": 101,
        "previously_correct_regressions": 115
      }
    },
    "w1-quiet": {
      "weight": 1,
      "quiet_only": true,
      "val": {
        "pairs": 694,
        "correct": 486,
        "accuracy": 0.7002881844380403,
        "hard_pairs": 209,
        "hard_correct": 44,
        "previously_correct_regressions": 43
      },
      "test": {
        "pairs": 683,
        "correct": 504,
        "accuracy": 0.7379209370424598,
        "hard_pairs": 181,
        "hard_correct": 56,
        "previously_correct_regressions": 54
      }
    }
  },
  "selected_for_games": [
    {
      "name": "w0.1-all",
      "weight": 0.1,
      "quiet_only": false
    },
    {
      "name": "w0.25-all",
      "weight": 0.25,
      "quiet_only": false
    },
    {
      "name": "w0.5-all",
      "weight": 0.5,
      "quiet_only": false
    }
  ]
}
freeze-fresh-comparison-openings
{
  "seed": 112500,
  "pairs": 10,
  "attempts": 15,
  "excluded_labeled_position_aliases": 17540,
  "book_sha256": "fb6e9f3f27bb19a5b2fdefcc441c88ddeae48db61d5f00ad83973abb9f939c87",
  "openings_sha256": "f654671b19e358b10b7d1e9b9a67db23ea22c3a0b33f6881557e03743adafd69",
  "selection": "Weighted book sampling; 10/12/14/16 plies; unique FENs; exclude previous benchmark starts. No engine-score or game-result filtering. Each start is played with both colors; no book after the prefix."
}
aligned-vs-heuristic
Game 1/20: Frozen book start 01, candidate as White
  1/2-1/2 (insufficient_material, 126 plies)
Game 2/20: Frozen book start 01, candidate as Black
  1-0 (checkmate, 143 plies)
Game 3/20: Frozen book start 02, candidate as Black
  1-0 (checkmate, 127 plies)
Game 4/20: Frozen book start 02, candidate as White
  0-1 (checkmate, 98 plies)
Game 5/20: Frozen book start 03, candidate as White
  1-0 (checkmate, 163 plies)
Game 6/20: Frozen book start 03, candidate as Black
  1-0 (checkmate, 109 plies)
Game 7/20: Frozen book start 04, candidate as Black
  1-0 (checkmate, 61 plies)
Game 8/20: Frozen book start 04, candidate as White
  1-0 (checkmate, 57 plies)
Game 9/20: Frozen book start 05, candidate as White
  0-1 (checkmate, 64 plies)
Game 10/20: Frozen book start 05, candidate as Black
  0-1 (checkmate, 66 plies)
Game 11/20: Frozen book start 06, candidate as Black
  0-1 (checkmate, 162 plies)
Game 12/20: Frozen book start 06, candidate as White
  1-0 (checkmate, 139 plies)
Game 13/20: Frozen book start 07, candidate as White
  0-1 (checkmate, 138 plies)
Game 14/20: Frozen book start 07, candidate as Black
  0-1 (checkmate, 48 plies)
Game 15/20: Frozen book start 08, candidate as Black
  1-0 (checkmate, 129 plies)
Game 16/20: Frozen book start 08, candidate as White
  0-1 (checkmate, 152 plies)
Game 17/20: Frozen book start 09, candidate as White
  0-1 (checkmate, 92 plies)
Game 18/20: Frozen book start 09, candidate as Black
  0-1 (checkmate, 132 plies)
Game 19/20: Frozen book start 10, candidate as Black
  0-1 (checkmate, 46 plies)
Game 20/20: Frozen book start 10, candidate as White
  1/2-1/2 (seventyfive_moves, 470 plies)
{
  "games": 20,
  "completed": 20,
  "wins": 8,
  "draws": 2,
  "losses": 10,
  "unfinished": 0,
  "errors": 0,
  "interrupted": 0,
  "score_fraction_completed": 0.45,
  "complete_pairs": 10,
  "score_fraction_complete_pairs": 0.45,
  "timing": {
    "classical": {
      "moves": 1262,
      "mean_elapsed": 0.2427476941732518,
      "max_overrun_seconds": 0.019261999987065792,
      "fallback_moves": 0
    },
    "current": {
      "moves": 1260,
      "mean_elapsed": 0.2453694505235439,
      "max_overrun_seconds": 0.03854891698574647,
      "fallback_moves": 1
    }
  }
}
aligned-vs-old-NN
Game 1/20: Frozen book start 01, candidate as White
  1/2-1/2 (fivefold_repetition, 86 plies)
Game 2/20: Frozen book start 01, candidate as Black
  1-0 (checkmate, 135 plies)
Game 3/20: Frozen book start 02, candidate as Black
  1-0 (checkmate, 185 plies)
Game 4/20: Frozen book start 02, candidate as White
  0-1 (checkmate, 88 plies)
Game 5/20: Frozen book start 03, candidate as White
  0-1 (checkmate, 228 plies)
Game 6/20: Frozen book start 03, candidate as Black
  1-0 (checkmate, 209 plies)
Game 7/20: Frozen book start 04, candidate as Black
  1-0 (checkmate, 137 plies)
Game 8/20: Frozen book start 04, candidate as White
  1-0 (checkmate, 127 plies)
Game 9/20: Frozen book start 05, candidate as White
  0-1 (checkmate, 46 plies)
Game 10/20: Frozen book start 05, candidate as Black
  0-1 (checkmate, 54 plies)
Game 11/20: Frozen book start 06, candidate as Black
  1-0 (checkmate, 119 plies)
Game 12/20: Frozen book start 06, candidate as White
  0-1 (checkmate, 106 plies)
Game 13/20: Frozen book start 07, candidate as White
  0-1 (checkmate, 38 plies)
Game 14/20: Frozen book start 07, candidate as Black
  0-1 (checkmate, 46 plies)
Game 15/20: Frozen book start 08, candidate as Black
  1-0 (checkmate, 49 plies)
Game 16/20: Frozen book start 08, candidate as White
  0-1 (checkmate, 136 plies)
Game 17/20: Frozen book start 09, candidate as White
  0-1 (checkmate, 112 plies)
Game 18/20: Frozen book start 09, candidate as Black
  0-1 (checkmate, 100 plies)
Game 19/20: Frozen book start 10, candidate as Black
  1-0 (checkmate, 65 plies)
Game 20/20: Frozen book start 10, candidate as White
  0-1 (checkmate, 46 plies)
{
  "games": 20,
  "completed": 20,
  "wins": 4,
  "draws": 1,
  "losses": 15,
  "unfinished": 0,
  "errors": 0,
  "interrupted": 0,
  "score_fraction_completed": 0.225,
  "complete_pairs": 10,
  "score_fraction_complete_pairs": 0.225,
  "timing": {
    "current": {
      "moves": 1053,
      "mean_elapsed": 0.24390910453605752,
      "max_overrun_seconds": 0.03356254199752584,
      "fallback_moves": 0
    },
    "neural-baseline": {
      "moves": 1059,
      "mean_elapsed": 0.24318781929777458,
      "max_overrun_seconds": 0.011272292002104223,
      "fallback_moves": 0
    }
  }
}
freeze-1500-openings
{
  "seed": 111501,
  "pairs": 10,
  "attempts": 13,
  "excluded_labeled_position_aliases": 17540,
  "book_sha256": "fb6e9f3f27bb19a5b2fdefcc441c88ddeae48db61d5f00ad83973abb9f939c87",
  "openings_sha256": "f11295589b94f857a326aae6dbc49bfba9033b485135ca2ad29d54ea4181050d",
  "selection": "Weighted book sampling; 10/12/14/16 plies; unique FENs; exclude previous benchmark starts. No engine-score or game-result filtering. Each start is played with both colors; no book after the prefix."
}
heuristic-vs-1500
Game 1/20: Frozen book start 01, candidate as White
  * (interrupted, 98 plies)
Game 2/20: Frozen book start 01, candidate as Black
  1-0 (checkmate, 77 plies)
Game 3/20: Frozen book start 02, candidate as Black
  0-1 (checkmate, 256 plies)
Game 4/20: Frozen book start 02, candidate as White
